// Jest Snapshot v1, https://goo.gl/fbAQLP

exports[`should render correct event 1`] = `
<DocumentFragment>
  <div
    class="css-nil ðŸ“¦b-top_1px-solid-E4E7EB ðŸ“¦b-rgt_1px-solid-E4E7EB ðŸ“¦b-btm_1px-solid-E4E7EB ðŸ“¦b-lft_1px-solid-E4E7EB ðŸ“¦bblr_5px ðŸ“¦bbrr_5px ðŸ“¦btlr_5px ðŸ“¦btrr_5px ðŸ“¦mt_15px ðŸ“¦pb_20px ðŸ“¦box-szg_border-box"
  >
    <div
      class="css-nil ðŸ“¦bg_1vd85pq ðŸ“¦pt_15px ðŸ“¦pb_15px ðŸ“¦dspl_flex ðŸ“¦algn-itms_center ðŸ“¦just-cnt_center ðŸ“¦box-szg_border-box"
    >
      <h1
        class="ðŸ“¦mt_0px ðŸ“¦mb_0px ðŸ“¦fnt-sze_16px ðŸ“¦f-wght_500 ðŸ“¦ln-ht_20px ðŸ“¦ltr-spc_-0-05px ðŸ“¦fnt-fam_b77syt ðŸ“¦color_234361 ðŸ“¦box-szg_border-box"
      >
        Real Madrid vs Barcelona
      </h1>
    </div>
    <div
      class="css-nil ðŸ“¦pb_10px ðŸ“¦pt_20px ðŸ“¦box-szg_border-box"
    >
      <h4
        class="ðŸ“¦mt_0px ðŸ“¦mb_0px ðŸ“¦fnt-sze_16px ðŸ“¦f-wght_500 ðŸ“¦ln-ht_20px ðŸ“¦ltr-spc_-0-05px ðŸ“¦fnt-fam_b77syt ðŸ“¦color_234361 ðŸ“¦pb_20px ðŸ“¦pl_20px ðŸ“¦box-szg_border-box"
      >
        Team to Win
      </h4>
      <div
        class="css-nil ðŸ“¦w_100prcnt ðŸ“¦dspl_flex ðŸ“¦algn-itms_left ðŸ“¦pl_20px ðŸ“¦just-cnt_left ðŸ“¦flx-wrap_wrap ðŸ“¦box-szg_border-box"
      >
        <button
          class="css-11fu0id ðŸ“¦fnt-fam_b77syt ðŸ“¦mt_5px ðŸ“¦fnt-sze_12px ðŸ“¦f-wght_500 ðŸ“¦ln-ht_32px ðŸ“¦ltr-spc_0 ðŸ“¦btrr_3px ðŸ“¦bbrr_3px ðŸ“¦btlr_3px ðŸ“¦bblr_3px ðŸ“¦pt_0px ðŸ“¦pb_0px ðŸ“¦pr_16px ðŸ“¦pl_16px ðŸ“¦ml_0px ðŸ“¦mr_10px ðŸ“¦mb_0px ðŸ“¦h_32px ðŸ“¦pst_relative ðŸ“¦dspl_inline-flex ðŸ“¦algn-itms_center ðŸ“¦flx-wrap_nowrap ðŸ“¦box-szg_border-box"
        >
          Real Madrid - 1.23
        </button>
        <button
          class="css-11fu0id ðŸ“¦fnt-fam_b77syt ðŸ“¦mt_5px ðŸ“¦fnt-sze_12px ðŸ“¦f-wght_500 ðŸ“¦ln-ht_32px ðŸ“¦ltr-spc_0 ðŸ“¦btrr_3px ðŸ“¦bbrr_3px ðŸ“¦btlr_3px ðŸ“¦bblr_3px ðŸ“¦pt_0px ðŸ“¦pb_0px ðŸ“¦pr_16px ðŸ“¦pl_16px ðŸ“¦ml_0px ðŸ“¦mr_10px ðŸ“¦mb_0px ðŸ“¦h_32px ðŸ“¦pst_relative ðŸ“¦dspl_inline-flex ðŸ“¦algn-itms_center ðŸ“¦flx-wrap_nowrap ðŸ“¦box-szg_border-box"
        >
          Barcelona - 2.05
        </button>
      </div>
    </div>
    <div
      class="css-nil ðŸ“¦pb_10px ðŸ“¦pt_20px ðŸ“¦box-szg_border-box"
    >
      <h4
        class="ðŸ“¦mt_0px ðŸ“¦mb_0px ðŸ“¦fnt-sze_16px ðŸ“¦f-wght_500 ðŸ“¦ln-ht_20px ðŸ“¦ltr-spc_-0-05px ðŸ“¦fnt-fam_b77syt ðŸ“¦color_234361 ðŸ“¦pb_20px ðŸ“¦pl_20px ðŸ“¦box-szg_border-box"
      >
        Player to Score First
      </h4>
      <div
        class="css-nil ðŸ“¦w_100prcnt ðŸ“¦dspl_flex ðŸ“¦algn-itms_left ðŸ“¦pl_20px ðŸ“¦just-cnt_left ðŸ“¦flx-wrap_wrap ðŸ“¦box-szg_border-box"
      >
        <button
          class="css-11fu0id ðŸ“¦fnt-fam_b77syt ðŸ“¦mt_5px ðŸ“¦fnt-sze_12px ðŸ“¦f-wght_500 ðŸ“¦ln-ht_32px ðŸ“¦ltr-spc_0 ðŸ“¦btrr_3px ðŸ“¦bbrr_3px ðŸ“¦btlr_3px ðŸ“¦bblr_3px ðŸ“¦pt_0px ðŸ“¦pb_0px ðŸ“¦pr_16px ðŸ“¦pl_16px ðŸ“¦ml_0px ðŸ“¦mr_10px ðŸ“¦mb_0px ðŸ“¦h_32px ðŸ“¦pst_relative ðŸ“¦dspl_inline-flex ðŸ“¦algn-itms_center ðŸ“¦flx-wrap_nowrap ðŸ“¦box-szg_border-box"
        >
          Ronaldo - 1.15
        </button>
        <button
          class="css-11fu0id ðŸ“¦fnt-fam_b77syt ðŸ“¦mt_5px ðŸ“¦fnt-sze_12px ðŸ“¦f-wght_500 ðŸ“¦ln-ht_32px ðŸ“¦ltr-spc_0 ðŸ“¦btrr_3px ðŸ“¦bbrr_3px ðŸ“¦btlr_3px ðŸ“¦bblr_3px ðŸ“¦pt_0px ðŸ“¦pb_0px ðŸ“¦pr_16px ðŸ“¦pl_16px ðŸ“¦ml_0px ðŸ“¦mr_10px ðŸ“¦mb_0px ðŸ“¦h_32px ðŸ“¦pst_relative ðŸ“¦dspl_inline-flex ðŸ“¦algn-itms_center ðŸ“¦flx-wrap_nowrap ðŸ“¦box-szg_border-box"
        >
          Messi - 1.3
        </button>
        <button
          class="css-11fu0id ðŸ“¦fnt-fam_b77syt ðŸ“¦mt_5px ðŸ“¦fnt-sze_12px ðŸ“¦f-wght_500 ðŸ“¦ln-ht_32px ðŸ“¦ltr-spc_0 ðŸ“¦btrr_3px ðŸ“¦bbrr_3px ðŸ“¦btlr_3px ðŸ“¦bblr_3px ðŸ“¦pt_0px ðŸ“¦pb_0px ðŸ“¦pr_16px ðŸ“¦pl_16px ðŸ“¦ml_0px ðŸ“¦mr_10px ðŸ“¦mb_0px ðŸ“¦h_32px ðŸ“¦pst_relative ðŸ“¦dspl_inline-flex ðŸ“¦algn-itms_center ðŸ“¦flx-wrap_nowrap ðŸ“¦box-szg_border-box"
        >
          Bale - 1.35
        </button>
      </div>
    </div>
  </div>
</DocumentFragment>
`;
